PRT1
33
68
4 0 5 (832 127 1024 ) (832 127 69 ) (992 127 69 ) (992 127 1024 ) 
4 0 3 (832 127 69 ) (832 127 1024 ) (832 600 1024 ) (832 600 69 ) 
4 0 2 (992 127 69 ) (832 127 69 ) (832 128 69 ) (992 128 69 ) 
4 0 1 (832 128 69 ) (832 600 69 ) (992 600 69 ) (992 128 69 ) 
4 1 4 (832 128 69 ) (832 600 69 ) (832 600 64 ) (832 128 64 ) 
4 1 2 (832 128 64 ) (992 128 64 ) (992 128 69 ) (832 128 69 ) 
4 2 6 (992 127 69 ) (832 127 69 ) (832 127 64 ) (992 127 64 ) 
4 2 4 (832 127 64 ) (832 127 69 ) (832 128 69 ) (832 128 64 ) 
4 3 17 (0 127 69 ) (0 127 1024 ) (0 600 1024 ) (0 600 69 ) 
4 3 7 (832 127 69 ) (832 127 1024 ) (0 127 1024 ) (0 127 69 ) 
4 3 4 (832 600 69 ) (832 127 69 ) (0 127 69 ) (0 600 69 ) 
4 4 18 (0 127 64 ) (0 127 69 ) (0 600 69 ) (0 600 64 ) 
4 4 7 (832 127 64 ) (832 127 69 ) (0 127 69 ) (0 127 64 ) 
4 5 9 (832 0 1024 ) (832 0 69 ) (992 0 69 ) (992 0 1024 ) 
4 5 7 (832 127 1024 ) (832 127 69 ) (832 0 69 ) (832 0 1024 ) 
4 5 6 (992 0 69 ) (832 0 69 ) (832 127 69 ) (992 127 69 ) 
4 6 10 (992 0 69 ) (832 0 69 ) (832 0 64 ) (992 0 64 ) 
4 6 7 (832 127 69 ) (832 127 64 ) (832 0 64 ) (832 0 69 ) 
4 7 21 (0 0 64 ) (0 0 1024 ) (0 127 1024 ) (0 127 64 ) 
4 7 14 (512 0 1024 ) (0 0 1024 ) (0 0 64 ) (512 0 64 ) 
4 7 11 (832 0 64 ) (832 0 1024 ) (512 0 1024 ) (512 0 64 ) 
4 9 12 (992 -832 1024 ) (832 -832 1024 ) (832 -832 69 ) (992 -832 69 ) 
4 9 11 (832 -832 69 ) (832 -832 1024 ) (832 0 1024 ) (832 0 69 ) 
4 9 10 (992 -832 69 ) (832 -832 69 ) (832 0 69 ) (992 0 69 ) 
4 10 13 (992 -832 64 ) (992 -832 69 ) (832 -832 69 ) (832 -832 64 ) 
4 10 11 (832 -832 64 ) (832 -832 69 ) (832 0 69 ) (832 0 64 ) 
4 11 16 (512 -832 64 ) (512 -832 69 ) (512 -766 69 ) (512 -766 64 ) 
4 11 15 (512 -832 69 ) (512 -832 1024 ) (512 -766 1024 ) (512 -766 69 ) 
4 11 14 (512 -766 1024 ) (512 0 1024 ) (512 0 64 ) (512 -766 64 ) 
4 11 13 (512 -832 69 ) (512 -832 64 ) (832 -832 64 ) (832 -832 69 ) 
4 11 12 (512 -832 1024 ) (512 -832 69 ) (832 -832 69 ) (832 -832 1024 ) 
4 12 15 (512 -832 1024 ) (512 -832 69 ) (512 -992 69 ) (512 -992 1024 ) 
4 12 13 (512 -992 69 ) (512 -832 69 ) (992 -832 69 ) (992 -992 69 ) 
4 13 16 (512 -992 69 ) (512 -832 69 ) (512 -832 64 ) (512 -992 64 ) 
4 14 24 (0 -766 64 ) (0 -766 1024 ) (0 0 1024 ) (0 0 64 ) 
4 14 16 (0 -766 69 ) (0 -766 64 ) (512 -766 64 ) (512 -766 69 ) 
4 14 15 (0 -766 1024 ) (0 -766 69 ) (512 -766 69 ) (512 -766 1024 ) 
4 15 25 (0 -766 1024 ) (0 -766 69 ) (0 -992 69 ) (0 -992 1024 ) 
4 15 16 (0 -992 69 ) (0 -766 69 ) (512 -766 69 ) (512 -992 69 ) 
4 16 26 (0 -992 69 ) (0 -766 69 ) (0 -766 64 ) (0 -992 64 ) 
4 17 21 (0 127 69 ) (0 127 1024 ) (-368 127 1024 ) (-368 127 69 ) 
4 17 19 (-368 600 69 ) (-368 127 69 ) (-368 127 1024 ) (-368 600 1024 ) 
4 17 18 (0 127 69 ) (-368 127 69 ) (-368 600 69 ) (0 600 69 ) 
4 18 21 (0 127 64 ) (0 127 69 ) (-368 127 69 ) (-368 127 64 ) 
4 18 20 (-368 600 64 ) (-368 127 64 ) (-368 127 69 ) (-368 600 69 ) 
4 19 22 (-608 127 69 ) (-368 127 69 ) (-368 127 1024 ) (-608 127 1024 ) 
4 19 20 (-368 600 69 ) (-368 127 69 ) (-608 127 69 ) (-608 600 69 ) 
4 20 23 (-608 127 64 ) (-368 127 64 ) (-368 127 69 ) (-608 127 69 ) 
4 21 24 (0 0 64 ) (0 0 1024 ) (-368 0 1024 ) (-368 0 64 ) 
4 21 23 (-368 127 69 ) (-368 127 64 ) (-368 0 64 ) (-368 0 69 ) 
4 21 22 (-368 127 1024 ) (-368 127 69 ) (-368 0 69 ) (-368 0 1024 ) 
4 22 27 (-368 0 69 ) (-368 0 1024 ) (-608 0 1024 ) (-608 0 69 ) 
4 22 23 (-608 127 69 ) (-368 127 69 ) (-368 0 69 ) (-608 0 69 ) 
4 23 28 (-368 0 64 ) (-368 0 69 ) (-608 0 69 ) (-608 0 64 ) 
4 24 28 (-368 0 69 ) (-368 0 64 ) (-368 -766 64 ) (-368 -766 69 ) 
4 24 27 (-368 0 1024 ) (-368 0 69 ) (-368 -766 69 ) (-368 -766 1024 ) 
4 24 26 (-368 -766 69 ) (-368 -766 64 ) (0 -766 64 ) (0 -766 69 ) 
4 24 25 (-368 -766 1024 ) (-368 -766 69 ) (0 -766 69 ) (0 -766 1024 ) 
4 25 29 (-368 -766 1024 ) (-368 -766 69 ) (-368 -992 69 ) (-368 -992 1024 ) 
4 25 26 (-368 -992 69 ) (-368 -766 69 ) (0 -766 69 ) (0 -992 69 ) 
4 26 31 (-368 -992 69 ) (-368 -768 69 ) (-368 -768 64 ) (-368 -992 64 ) 
4 26 30 (-368 -768 69 ) (-368 -766 69 ) (-368 -766 64 ) (-368 -768 64 ) 
4 27 29 (-608 -766 69 ) (-368 -766 69 ) (-368 -766 1024 ) (-608 -766 1024 ) 
4 27 28 (-368 -766 69 ) (-608 -766 69 ) (-608 0 69 ) (-368 0 69 ) 
4 28 30 (-608 -766 64 ) (-368 -766 64 ) (-368 -766 69 ) (-608 -766 69 ) 
4 29 31 (-368 -768 69 ) (-368 -992 69 ) (-608 -992 69 ) (-608 -768 69 ) 
4 29 30 (-608 -766 69 ) (-368 -766 69 ) (-368 -768 69 ) (-608 -768 69 ) 
4 30 31 (-608 -768 69 ) (-608 -768 64 ) (-368 -768 64 ) (-368 -768 69 ) 
